["repeat",[["exp",["taskList",[["taskList",[["exp",["repeatUntil",[["exp",["taskList",[["taskList",[["exp",["ifThenElse",[["condition",["cond1",[]]],["exp",["task1",[]]],["exp",["task2",[]]]]]],["exp",["task2",[]]]]]]]],["condition",["cond2",[]]]]]],["exp",["ifThen",[["condition",["cond3",[]]],["exp",["stopRepeat",[["exp",["task4",[]]]]]]]]]]]]]]]]
